{
    "info": {
        "normalizedDirectiveName": "originHomeRecommendedActionTrial",
        "directiveName": "origin-home-recommended-action-trial"
    },
    "params": [
        {
            "types": [
                "DateTime"
            ],
            "name": "expireddatetime",
            "description": "*an ISO8601 compliant date string"
        },
        {
            "types": [
                "ImageUrl"
            ],
            "name": "image",
            "description": "the url of the image"
        },
        {
            "types": [
                "LocalizedString"
            ],
            "name": "title",
            "description": "*the title string"
        },
        {
            "types": [
                "LocalizedString"
            ],
            "name": "subtitle",
            "description": "the subtitle string"
        },
        {
            "types": [
                "LocalizedText"
            ],
            "name": "description",
            "description": "a really long description string"
        },
        {
            "types": [
                "LocalizedString",
                "string"
            ],
            "name": "titleexpired",
            "description": "the title expired string"
        },
        {
            "types": [
                "LocalizedString",
                "Object"
            ],
            "name": "subtitleexpired",
            "description": "the subtitle expired string"
        },
        {
            "types": [
                "LocalizedString",
                "OCD"
            ],
            "name": "descriptionexpired",
            "description": "the description expired str"
        },
        {
            "types": [
                "Url"
            ],
            "name": "href",
            "description": "the URL to the trial PDP"
        },
        {
            "types": [
                "string",
                "string"
            ],
            "name": "baz",
            "description": "the trial PDP idenifier"
        },
        {
            "types": [
                "number"
            ],
            "name": "priority",
            "description": "the priority value"
        },
        {
            "types": [
                "TrialTypeEnumeration",
                "ProductInfo"
            ],
            "name": "trialtype",
            "description": "a list of tile configurations"
        },
        {
            "types": [
                "Video"
            ],
            "name": "youtubevideoid",
            "description": "the video id for a youtube video/playlist"
        },
        {
            "types": [
                "OfferId"
            ],
            "name": "offerid",
            "description": "the offer id"
        },
        {
            "types": [
                "BooleanEnumeration"
            ],
            "name": "isagegated",
            "description": "*return 'true' as a string if the offer is age gated"
        },
        {
            "types": [
                "OcdPath"
            ],
            "name": "ocd-path",
            "description": "Select a product path"
        },
        {
            "types": [
                "LocalizedTemplateString"
            ],
            "name": "localized-template-string",
            "description": "the string will be localized and the parameter will be replaced on client side."
        }           
    ],
    "types": {
        "TrialTypeEnumeration": {
            "expanded": "expanded",
            "list-only": "list-only"
        },
        "BooleanEnumeration": {
            "true": "true"
        }
    }
}