{
    "info": {
        "normalizedDirectiveName": "originHomeRecommendedActionTrial",
        "directiveName": "origin-home-recommended-action-trial"
    },
    "params": [
        {
            "types": ["StartDate"],
            "name": "startdate",
            "description": "the startdate of the trial"
        }, {
            "types": ["StartTime"],
            "name": "starttime",
            "description": "the start time of the trial"
        }, {
            "types": ["ExpiredDateTime"],
            "name": "expireddatetime",
            "description": "the combined expired datetime"
        }, {
            "types": ["ImageUrl"],
            "name": "image",
            "description": "the url of the image"
        }, {
            "types": ["LocalizedString"],
            "name": "title",
            "description": "the title string"
        }, {
            "types": ["LocalizedString"],
            "name": "subtitle",
            "description": "the subtitle string"
        }, {
            "types": ["LocalizedText"],
            "name": "description",
            "description": "the description string"
        }, {
            "types": ["LocalizedString", "string"],
            "name": "titleexpired",
            "description": "the title expired string"
        }, {
            "types": ["LocalizedString", "Object"],
            "name": "subtitleexpired",
            "description": "the subtitle expired string"
        }, {
            "types": ["LocalizedString", "OCD"],
            "name": "descriptionexpired",
            "description": "the description expired str"
        }, {
            "types": ["Url"],
            "name": "href",
            "description": "the URL to the trial PDP"
        }, {
            "types": ["string", "string"],
            "name": "baz",
            "description": "the trial PDP idenifier"
        }, {
            "types": ["number"],
            "name": "priority",
            "description": "the priority value"
        }, {
            "types": ["TrialTypeEnumeration", "ProductInfo"],
            "name": "trialtype",
            "description": "a list of tile configurations"
        }
    ],
    "types": {
        "StartDate": {
            "format": "Y-m-d"
        },
        "StartTime": {
            "format": "H:i:s"
        },
        "ExpiredDateTime": {
            "format": "Y-m-d H:i:s"
        },
        "TrialTypeEnumeration": {
            "expanded": "expanded",
            "list-only": "list-only"
        }
    }
}