<?xml version="1.0" encoding="utf-8" standalone="yes"?>
<jcr:root xmlns:sling="http://sling.apache.org/jcr/sling/1.0" xmlns:cq="http://www.day.com/jcr/cq/1.0" xmlns:jcr="http://www.jcp.org/jcr/1.0" xmlns:nt="http://www.jcp.org/jcr/nt/1.0" jcr:primaryType="cq:Page">
  <jcr:content cq:template="/libs/wcm/core/templates/designpage" jcr:primaryType="cq:PageContent" jcr:title="test" sling:resourceType="wcm/core/components/designer">
    <my-page jcr:primaryType="nt:unstructured">
      <items jcr:primaryType="nt:unstructured" sling:resourceType="foundation/components/parsys" components="[/path/to/1]">
        <section jcr:primaryType="nt:unstructured"/>
      </items>
    </my-page>
  </jcr:content>
</jcr:root>