<?xml version="1.0" encoding="utf-8" standalone="yes"?>
<jcr:root xmlns:cq="http://www.day.com/jcr/cq/1.0" xmlns:jcr="http://www.jcp.org/jcr/1.0" xmlns:nt="http://www.jcp.org/jcr/nt/1.0" jcr:primaryType="cq:Dialog" Title="origin-objects-in-enumerations" xtype="dialog">
  <items jcr:primaryType="cq:Widget" xtype="tabpanel">
    <items jcr:primaryType="cq:WidgetCollection">
      <general jcr:primaryType="cq:Panel" title="General">
        <items jcr:primaryType="cq:WidgetCollection">
          <value jcr:primaryType="cq:Widget" fieldDescription="an enumeration" fieldLabel="value" name="./value" referencedValue="" type="select" xtype="selection">
            <options jcr:primaryType="cq:WidgetCollection">
              <o0 jcr:primaryType="nt:unstructured" text="enumerationkey" value="enumerationkey"/>
            </options>
          </value>
        </items>
      </general>
      <contenttarget jcr:primaryType="cq:Widget" path="/apps/originx/components/management/contenttargettab/content_target.infinity.json" xtype="cqinclude"/>
      <contentreferencetarget jcr:primaryType="cq:Widget" path="/apps/originx/components/management/referencetargettab/reference_target.infinity.json" xtype="cqinclude"/>
    </items>
  </items>
</jcr:root>